\BOOKMARK [1][-]{section.1}{\376\377\000P\000a\000r\000a\000\040\000q\000u\000\351\000\040\000s\000i\000r\000v\000e\000\040\000e\000s\000t\000e\000\040\000d\000o\000c\000u\000m\000e\000n\000t\000o}{}% 1
\BOOKMARK [1][-]{section.2}{\376\377\000L\000a\000\040\000p\000r\000e\000g\000u\000n\000t\000a\000\040\000d\000e\000\040\000i\000n\000v\000e\000s\000t\000i\000g\000a\000c\000i\000\363\000n}{}% 2
\BOOKMARK [1][-]{section.3}{\376\377\000L\000o\000s\000\040\000d\000a\000t\000o\000s\000\040\000e\000n\000\040\000u\000n\000a\000\040\000p\000\341\000g\000i\000n\000a}{}% 3
\BOOKMARK [1][-]{section.4}{\376\377\000C\000o\000n\000c\000e\000p\000t\000o\000s\000\040\000c\000l\000a\000v\000e\000\040\000e\000n\000\040\000u\000n\000a\000\040\000p\000\341\000g\000i\000n\000a}{}% 4
\BOOKMARK [1][-]{section.5}{\376\377\000L\000o\000s\000\040\000t\000r\000e\000s\000\040\000m\000\351\000t\000o\000d\000o\000s\000\040\000e\000n\000\040\000l\000e\000n\000g\000u\000a\000j\000e\000\040\000s\000i\000m\000p\000l\000e}{}% 5
\BOOKMARK [2][-]{subsection.5.1}{\376\377\000M\000\351\000t\000o\000d\000o\000\040\0001\000:\000\040\000D\000i\000f\000e\000r\000e\000n\000c\000i\000a\000s\000\040\000e\000n\000\040\000D\000i\000f\000e\000r\000e\000n\000c\000i\000a\000s\000\040\000\050\000D\000i\000D\000\051}{section.5}% 6
\BOOKMARK [2][-]{subsection.5.2}{\376\377\000M\000\351\000t\000o\000d\000o\000\040\0002\000:\000\040\000C\000o\000n\000t\000r\000o\000l\000\040\000S\000i\000n\000t\000\351\000t\000i\000c\000o\000\040\000\050\000C\000S\000\051}{section.5}% 7
\BOOKMARK [2][-]{subsection.5.3}{\376\377\000M\000\351\000t\000o\000d\000o\000\040\0003\000:\000\040\000D\000i\000f\000e\000r\000e\000n\000c\000i\000a\000s\000\040\000e\000n\000\040\000D\000i\000f\000e\000r\000e\000n\000c\000i\000a\000s\000\040\000S\000i\000n\000t\000\351\000t\000i\000c\000a\000\040\000\050\000S\000D\000i\000D\000\051}{section.5}% 8
\BOOKMARK [1][-]{section.6}{\376\377\000L\000o\000s\000\040\000C\000u\000a\000d\000r\000o\000s\000\040\0001\000\040\000y\000\040\0002\000\040\000\050\000e\000s\000t\000a\000d\000\355\000s\000t\000i\000c\000o\000s\000\040\000d\000e\000s\000c\000r\000i\000p\000t\000i\000v\000o\000s\000\051}{}% 9
\BOOKMARK [1][-]{section.7}{\376\377\000L\000a\000s\000\040\000F\000i\000g\000u\000r\000a\000s\000\040\0001\000\040\000y\000\040\0002\000\040\000\050\000d\000i\000s\000t\000r\000i\000b\000u\000c\000i\000\363\000n\000\040\000p\000o\000r\000c\000e\000n\000t\000u\000a\000l\000\040\000d\000e\000\040\000l\000e\000n\000g\000u\000a\000j\000e\000s\000\051}{}% 10
\BOOKMARK [1][-]{section.8}{\376\377\000L\000a\000s\000\040\000F\000i\000g\000u\000r\000a\000s\000\040\0003\000\040\000y\000\040\0004\000\040\000\050\000t\000e\000n\000d\000e\000n\000c\000i\000a\000s\000\040\000t\000e\000m\000p\000o\000r\000a\000l\000e\000s\000\051}{}% 11
\BOOKMARK [1][-]{section.9}{\376\377\000L\000a\000s\000\040\000F\000i\000g\000u\000r\000a\000s\000\040\0005\040\023\0001\0004\000\040\000\050\000t\000e\000n\000d\000e\000n\000c\000i\000a\000s\000\040\000y\000\040\000p\000e\000s\000o\000s\000\040\000p\000o\000r\000\040\000l\000e\000n\000g\000u\000a\000j\000e\000\051}{}% 12
\BOOKMARK [1][-]{section.10}{\376\377\000E\000l\000\040\000C\000u\000a\000d\000r\000o\000\040\0003\000\040\000\050\000r\000e\000s\000u\000l\000t\000a\000d\000o\000s\000\040\000p\000r\000i\000n\000c\000i\000p\000a\000l\000e\000s\000\051}{}% 13
\BOOKMARK [1][-]{section.11}{\376\377\000L\000o\000s\000\040\000C\000u\000a\000d\000r\000o\000s\000\040\0004\000\040\000y\000\040\0005\000\040\000\050\000c\000o\000n\000t\000r\000o\000l\000e\000s\000\040\000y\000\040\000r\000e\000s\000t\000r\000i\000c\000c\000i\000\363\000n\000\040\000d\000e\000l\000\040\000p\000o\000o\000l\000\040\000d\000e\000\040\000d\000o\000n\000a\000n\000t\000e\000s\000\051}{}% 14
\BOOKMARK [2][-]{subsection.11.1}{\376\377\000C\000u\000a\000d\000r\000o\000\040\0004\000:\000\040\000c\000o\000n\000\040\000v\000a\000r\000i\000a\000b\000l\000e\000s\000\040\000d\000e\000\040\000c\000o\000n\000t\000r\000o\000l}{section.11}% 15
\BOOKMARK [2][-]{subsection.11.2}{\376\377\000C\000u\000a\000d\000r\000o\000\040\0005\000:\000\040\000c\000o\000n\000\040\000g\000r\000u\000p\000o\000\040\000d\000e\000\040\000c\000o\000n\000t\000r\000o\000l\000\040\000r\000e\000s\000t\000r\000i\000n\000g\000i\000d\000o}{section.11}% 16
\BOOKMARK [1][-]{section.12}{\376\377\000E\000l\000\040\000C\000u\000a\000d\000r\000o\000\040\0006\000\040\000\050\000p\000l\000a\000c\000e\000b\000o\000s\000\040\000y\000\040\000l\000e\000a\000v\000e\000-\000o\000n\000e\000-\000o\000u\000t\000\051}{}% 17
\BOOKMARK [1][-]{section.13}{\376\377\000L\000a\000\040\000F\000i\000g\000u\000r\000a\000\040\0001\0005\000\040\000\050\000f\000o\000r\000e\000s\000t\000\040\000p\000l\000o\000t\000\040\000d\000e\000\040\000r\000o\000b\000u\000s\000t\000e\000z\000\051}{}% 18
\BOOKMARK [1][-]{section.14}{\376\377\000L\000a\000\040\000F\000i\000g\000u\000r\000a\000\040\0001\0006\000\040\000\050\000d\000i\000s\000t\000r\000i\000b\000u\000c\000i\000\363\000n\000\040\000p\000l\000a\000c\000e\000b\000o\000\040\000p\000o\000r\000\040\000l\000e\000n\000g\000u\000a\000j\000e\000\051}{}% 19
\BOOKMARK [1][-]{section.15}{\376\377\000L\000a\000\040\000F\000i\000g\000u\000r\000a\000\040\0001\0007\000\040\000\050\000l\000\355\000n\000e\000a\000\040\000d\000e\000\040\000t\000i\000e\000m\000p\000o\000\051}{}% 20
\BOOKMARK [1][-]{section.16}{\376\377\000L\000a\000s\000\040\000F\000i\000g\000u\000r\000a\000s\000\040\0001\0008\040\023\0002\0007\000\040\000\050\000a\000n\000\341\000l\000i\000s\000i\000s\000\040\000d\000e\000\040\000e\000v\000e\000n\000t\000o\000\051}{}% 21
\BOOKMARK [1][-]{section.17}{\376\377\000R\000e\000s\000u\000m\000e\000n\000\040\000e\000j\000e\000c\000u\000t\000i\000v\000o\000\040\000d\000e\000\040\000l\000o\000s\000\040\000h\000a\000l\000l\000a\000z\000g\000o\000s}{}% 22
