\BOOKMARK [1][-]{section.1}{\376\377\000A\000g\000r\000a\000d\000e\000c\000i\000m\000i\000e\000n\000t\000o\000s}{}% 1
\BOOKMARK [1][-]{section.2}{\376\377\000R\000e\000s\000u\000m\000e\000n}{}% 2
\BOOKMARK [1][-]{section*.1}{\376\377\000A\000b\000s\000t\000r\000a\000c\000t}{}% 3
\BOOKMARK [1][-]{section*.4}{\376\377\000\315\000n\000d\000i\000c\000e\000\040\000d\000e\000\040\000F\000i\000g\000u\000r\000a\000s}{}% 4
\BOOKMARK [1][-]{section*.6}{\376\377\000\315\000n\000d\000i\000c\000e\000\040\000d\000e\000\040\000T\000a\000b\000l\000a\000s}{}% 5
\BOOKMARK [1][-]{section.3}{\376\377\000I\000n\000t\000r\000o\000d\000u\000c\000c\000i\000\363\000n}{}% 6
\BOOKMARK [2][-]{subsection.3.1}{\376\377\000P\000l\000a\000n\000t\000e\000a\000m\000i\000e\000n\000t\000o\000\040\000d\000e\000l\000\040\000p\000r\000o\000b\000l\000e\000m\000a}{section.3}% 7
\BOOKMARK [2][-]{subsection.3.2}{\376\377\000M\000o\000t\000i\000v\000a\000c\000i\000\363\000n\000/\000J\000u\000s\000t\000i\000f\000i\000c\000a\000c\000i\000\363\000n}{section.3}% 8
\BOOKMARK [2][-]{subsection.3.3}{\376\377\000H\000i\000p\000\363\000t\000e\000s\000i\000s}{section.3}% 9
\BOOKMARK [1][-]{section.4}{\376\377\000R\000e\000v\000i\000s\000i\000\363\000n\000\040\000d\000e\000\040\000L\000i\000t\000e\000r\000a\000t\000u\000r\000a}{}% 10
\BOOKMARK [2][-]{subsection.4.1}{\376\377\000C\000h\000a\000t\000G\000P\000T\000:\000\040\000U\000n\000\040\000M\000o\000d\000e\000l\000o\000\040\000d\000e\000\040\000L\000e\000n\000g\000u\000a\000j\000e\000\040\000d\000e\000\040\000G\000r\000a\000n\000\040\000e\000s\000c\000a\000l\000a}{section.4}% 11
\BOOKMARK [2][-]{subsection.4.2}{\376\377\000L\000a\000s\000\040\000v\000e\000r\000s\000i\000o\000n\000e\000s\000\040\000d\000e\000\040\000C\000h\000a\000t\000G\000P\000T\000:\000\040\000l\000\355\000n\000e\000a\000\040\000d\000e\000\040\000t\000i\000e\000m\000p\000o\000\040\000d\000e\000\040\000m\000e\000j\000o\000r\000a\000s\000\040\000y\000\040\000l\000i\000m\000i\000t\000a\000c\000i\000o\000n\000e\000s\000\040\000\050\0002\0000\0002\0000\040\023\0002\0000\0002\0003\000\051}{section.4}% 12
\BOOKMARK [2][-]{subsection.4.3}{\376\377\000C\000a\000p\000a\000c\000i\000d\000a\000d\000e\000s\000\040\000d\000e\000\040\000C\000h\000a\000t\000G\000P\000T}{section.4}% 13
\BOOKMARK [2][-]{subsection.4.4}{\376\377\000M\000a\000r\000c\000o\000\040\000t\000e\000\363\000r\000i\000c\000o\000\040\000e\000c\000o\000n\000\363\000m\000i\000c\000o}{section.4}% 14
\BOOKMARK [2][-]{subsection.4.5}{\376\377\000E\000v\000i\000d\000e\000n\000c\000i\000a\000\040\000e\000m\000p\000\355\000r\000i\000c\000a}{section.4}% 15
\BOOKMARK [1][-]{section.5}{\376\377\000D\000a\000t\000o\000s}{}% 16
\BOOKMARK [1][-]{section.6}{\376\377\000E\000s\000t\000a\000d\000\355\000s\000t\000i\000c\000o\000s\000\040\000d\000e\000s\000c\000r\000i\000p\000t\000i\000v\000o\000s}{}% 17
\BOOKMARK [1][-]{section.7}{\376\377\000M\000e\000t\000o\000d\000o\000l\000o\000g\000\355\000a}{}% 18
\BOOKMARK [2][-]{subsection.7.1}{\376\377\000D\000i\000f\000e\000r\000e\000n\000c\000i\000a\000\040\000e\000n\000\040\000D\000i\000f\000e\000r\000e\000n\000c\000i\000a\000s\000\040\000\050\000D\000i\000D\000\051}{section.7}% 19
\BOOKMARK [2][-]{subsection.7.2}{\376\377\000C\000o\000n\000t\000r\000o\000l\000\040\000S\000i\000n\000t\000\351\000t\000i\000c\000o\000\040\000\050\000C\000S\000\051}{section.7}% 20
\BOOKMARK [2][-]{subsection.7.3}{\376\377\000D\000i\000f\000e\000r\000e\000n\000c\000i\000a\000\040\000e\000n\000\040\000D\000i\000f\000e\000r\000e\000n\000c\000i\000a\000s\000\040\000S\000i\000n\000t\000\351\000t\000i\000c\000a\000\040\000\050\000S\000D\000i\000D\000\051}{section.7}% 21
\BOOKMARK [2][-]{subsection.7.4}{\376\377\000I\000n\000f\000e\000r\000e\000n\000c\000i\000a}{section.7}% 22
\BOOKMARK [2][-]{subsection.7.5}{\376\377\000P\000r\000u\000e\000b\000a\000s\000\040\000d\000e\000\040\000r\000o\000b\000u\000s\000t\000e\000z\000:\000\040\000p\000l\000a\000c\000e\000b\000o\000s\000\040\000i\000n\000-\000s\000p\000a\000c\000e\000\040\000y\000\040\000s\000e\000n\000s\000i\000b\000i\000l\000i\000d\000a\000d\000\040\000d\000e\000l\000\040\000p\000o\000o\000l\000\040\000d\000e\000\040\000d\000o\000n\000a\000n\000t\000e\000s}{section.7}% 23
\BOOKMARK [1][-]{section.8}{\376\377\000R\000e\000s\000u\000l\000t\000a\000d\000o\000s}{}% 24
\BOOKMARK [1][-]{section.9}{\376\377\000C\000o\000n\000c\000l\000u\000s\000i\000o\000n\000e\000s\000\040\000y\000\040\000r\000e\000c\000o\000m\000e\000n\000d\000a\000c\000i\000o\000n\000e\000s\000\040\000d\000e\000\040\000p\000o\000l\000\355\000t\000i\000c\000a}{}% 25
\BOOKMARK [2][-]{subsection.9.1}{\376\377\000L\000i\000m\000i\000t\000a\000c\000i\000o\000n\000e\000s\000\040\000d\000e\000l\000\040\000e\000s\000t\000u\000d\000i\000o}{section.9}% 26
\BOOKMARK [1][-]{section.10}{\376\377\000T\000a\000b\000l\000a\000s}{}% 27
\BOOKMARK [1][-]{section.11}{\376\377\000F\000i\000g\000u\000r\000a\000s}{}% 28
\BOOKMARK [1][-]{section*.31}{\376\377\000A\000n\000e\000x\000o\000s}{}% 29
\BOOKMARK [1][-]{section*.51}{\376\377\000R\000e\000f\000e\000r\000e\000n\000c\000i\000a\000s\000\040\000b\000i\000b\000l\000i\000o\000g\000r\000\341\000f\000i\000c\000a\000s}{}% 30
