---------------------------------------------------------------------------------------------------------------------------------------
      name:  <unnamed>
       log:  F:\Programas\GitHub Desktop\GPT-Impact-GitHub\output/analysis.log
  log type:  text
 opened on:   6 Aug 2025, 09:56:36

. 
. import delimited "output/data/data_langs_balanced.csv", clear
(15 vars, 26,240 obs)

. 
. drop if iso2_code == "HK"
(160 observations deleted)

. 
. //cd "F:/Programas/GitHub Desktop/GPT-Impact-GitHub/output/tables"
. //----------------------------------------------------------------------------//
. // main
. //----------------------------------------------------------------------------//
. 
. // regressions
. do "code/sub/analysis_per_lang_tesis.do"

. //----------------------------------------------------------------------------//
. //
. // project:
. //
. // do.file: analysis_regressions
. //
. // author(s):
. //
. //----------------------------------------------------------------------------//
. 
. // local languages "Python Java R Julia Swift"
. 
. // foreach lang of local languages {
. 
. //         preserve
. 
. //         cd "$path/output/figures"
. 
. //         keep if language == "`lang'"
. 
. //         eststo est_sdid: sdid num_pushers_pc iso2_code quarter treatment, ///
. //                 vce(bootstrap) reps(100) seed(1234) method(sdid) graph g1on ///
. //                 g1_opt(xtitle("") scheme(sj)) ///
. //                 g2_opt(ytitle("`lang' pushers per 100k inhabitants") scheme(sj) ///
. //                 xtitle("Quarters since 2020Q1")) graph_export(`lang'_sdid_, .png)
. 
. //         cd "$path/output/tables"
. 
. //         esttab est_sdid using `lang'_sdid.tex, replace
. 
. //         restore
. // }
. 
. 
. import delimited "output/csv/all_languages_panel.csv", clear
(20 vars, 136,208 obs)

. 
. sort unique_id year quarter 

. drop if iso2_code == "HK"
(2,704 observations deleted)

. label var num_pushers_pc "Num pushers per 100k"

. label var gpt_available_post1 "Chat GPT Available"

. 
. drop quarter

. 
. rename quarter_int quarter

. 
. **************************
. // Se realizo un cambio de nombres de etiquetas
. ************************
. replace language = "C_hashtag" if language == "C#"
(1,744 real changes made)

. 
. replace language = "C_plus" if language == "C++"
(1,856 real changes made)

. 
. *****************
. // Aqui comienzo a editar // Tesis_DataScience 
. *****************
. local DataScience "C C_hashtag C_plus Go Java JavaScript PHP Python Ruby TypeScript"

. 
. foreach lang of local DataScience {
  2. 
.         local l`v' : variable label num_pushers_pc
  3. 
. 
. eststo `lang'_did: sdid num_pushers_pc iso2_code quarter gpt_available_post1 if language == "`lang'", ///
>         vce(bootstrap) reps(100) seed(1234) method(did) graph g1on /// 
>         g1_opt(xtitle("") scheme(plotplainblind)) ///
>         g2_opt(ytitle("`l`v''-`lang'")scheme(plotplainblind) ///
>                 xtitle("Quarter") xlabel(1 "2020-Q1" 2 "2020-Q2" 3 "2020-Q3" 4 "2020-Q4"  ///
>         5 "2021-Q1" 6 "2021-Q2" 7 "2021-Q3" 8 "2021-Q4" ///
>         9 "2022-Q1" 10 "2022-Q2" 11 "2022-Q3" 12 "2022-Q4" ///
>         13 "2023-Q1" 14 "2023-Q2" 15 "2023-Q3" 16 "2023-Q4", labsize(small) angle(45) ) ///
>         )   graph_export("$path/output/figures/`lang'did", .png )
  4. 
.         sum  num_pushers_pc  if  gpt_available==0 & quarter<12 & language == "`lang'"
  5.         estadd scalar control_mean `r(mean)'
  6. 
. eststo `lang'_sc:  sdid num_pushers_pc iso2_code quarter gpt_available_post1 if language == "`lang'", ///
>         vce(bootstrap) reps(100) seed(1234) method(sc) graph g1on /// 
>         g1_opt(xtitle("") scheme(plotplainblind)) ///
>         g2_opt(ytitle("`l`v''-`lang'")scheme(plotplainblind) ///
>                 xtitle("Quarter") xlabel(1 "2020-Q1" 2 "2020-Q2" 3 "2020-Q3" 4 "2020-Q4"  ///
>         5 "2021-Q1" 6 "2021-Q2" 7 "2021-Q3" 8 "2021-Q4" ///
>         9 "2022-Q1" 10 "2022-Q2" 11 "2022-Q3" 12 "2022-Q4" ///
>         13 "2023-Q1" 14 "2023-Q2" 15 "2023-Q3" 16 "2023-Q4", labsize(small) angle(45) ) ///
>         )  graph_export("$path/output/figures/`lang'sc", .png)
  7. 
.         sum  num_pushers_pc  if  gpt_available==0 & quarter<12 & language == "`lang'"
  8.         estadd scalar control_mean `r(mean)'
  9. 
. eststo `lang'_sdid:  sdid num_pushers_pc iso2_code quarter gpt_available_post1 if language == "`lang'", ///
>         vce(bootstrap) reps(100) seed(1234) method(sdid) graph g1on /// 
>         g1_opt(xtitle("") scheme(plotplainblind)) ///
>         g2_opt(ytitle("`l`v''-`lang'")scheme(plotplainblind) ///
>                 xtitle("Quarter") xlabel(1 "2020-Q1" 2 "2020-Q2" 3 "2020-Q3" 4 "2020-Q4"  ///
>         5 "2021-Q1" 6 "2021-Q2" 7 "2021-Q3" 8 "2021-Q4" ///
>         9 "2022-Q1" 10 "2022-Q2" 11 "2022-Q3" 12 "2022-Q4" ///
>         13 "2023-Q1" 14 "2023-Q2" 15 "2023-Q3" 16 "2023-Q4", labsize(small) angle(45) ) ///
>         )  graph_export("$path/output/figures/`lang'sdid", .png)
 10. 
.         sum  num_pushers_pc  if  gpt_available==0 & quarter<12 & language == "`lang'"
 11.         estadd scalar control_mean `r(mean)'
 12. 
. }
Bootstrap replications (100). This may take some time.
----+--- 1 ---+--- 2 ---+--- 3 ---+--- 4 ---+--- 5
..................................................     50
..................................................     100


Difference-in-Differences Estimator

-----------------------------------------------------------------------------
num_pusher~c |     ATT     Std. Err.     t      P>|t|    [95% Conf. Interval]
-------------+---------------------------------------------------------------
gpt_availa~1 |   3.00526    0.79415     3.78    0.000     1.44875     4.56176
-----------------------------------------------------------------------------
95% CIs and p-values are based on large-sample approximations.

(file F:/Programas/GitHub Desktop/GPT-Impact-GitHub/output/figures/Cdidweights12.png written in PNG format)
(file F:/Programas/GitHub Desktop/GPT-Impact-GitHub/output/figures/Cdidtrends12.png written in PNG format)

    Variable |        Obs        Mean    Std. Dev.       Min        Max
-------------+---------------------------------------------------------
num_pusher~c |        209     2.04345    3.343251          0   13.69906

added scalar:
       e(control_mean) =  2.0434503
Bootstrap replications (100). This may take some time.
----+--- 1 ---+--- 2 ---+--- 3 ---+--- 4 ---+--- 5
..................................................     50
..................................................     100


Synthetic Control

-----------------------------------------------------------------------------
num_pusher~c |     ATT     Std. Err.     t      P>|t|    [95% Conf. Interval]
-------------+---------------------------------------------------------------
gpt_availa~1 |   3.46921    1.36069     2.55    0.011     0.80230     6.13612
-----------------------------------------------------------------------------
95% CIs and p-values are based on large-sample approximations.

(file F:/Programas/GitHub Desktop/GPT-Impact-GitHub/output/figures/Cscweights12.png written in PNG format)
(file F:/Programas/GitHub Desktop/GPT-Impact-GitHub/output/figures/Csctrends12.png written in PNG format)

    Variable |        Obs        Mean    Std. Dev.       Min        Max
-------------+---------------------------------------------------------
num_pusher~c |        209     2.04345    3.343251          0   13.69906

added scalar:
       e(control_mean) =  2.0434503
Bootstrap replications (100). This may take some time.
----+--- 1 ---+--- 2 ---+--- 3 ---+--- 4 ---+--- 5
..................................................     50
..................................................     100


Synthetic Difference-in-Differences Estimator

-----------------------------------------------------------------------------
num_pusher~c |     ATT     Std. Err.     t      P>|t|    [95% Conf. Interval]
-------------+---------------------------------------------------------------
gpt_availa~1 |   1.69038    0.56374     3.00    0.003     0.58546     2.79529
-----------------------------------------------------------------------------
95% CIs and p-values are based on large-sample approximations.
Refer to Arkhangelsky et al., (2021) for theoretical derivations.
(file F:/Programas/GitHub Desktop/GPT-Impact-GitHub/output/figures/Csdidweights12.png written in PNG format)
(file F:/Programas/GitHub Desktop/GPT-Impact-GitHub/output/figures/Csdidtrends12.png written in PNG format)

    Variable |        Obs        Mean    Std. Dev.       Min        Max
-------------+---------------------------------------------------------
num_pusher~c |        209     2.04345    3.343251          0   13.69906

added scalar:
       e(control_mean) =  2.0434503
Bootstrap replications (100). This may take some time.
----+--- 1 ---+--- 2 ---+--- 3 ---+--- 4 ---+--- 5
..................................................     50
..................................................     100


Difference-in-Differences Estimator

-----------------------------------------------------------------------------
num_pusher~c |     ATT     Std. Err.     t      P>|t|    [95% Conf. Interval]
-------------+---------------------------------------------------------------
gpt_availa~1 |   1.89191    0.57253     3.30    0.001     0.76977     3.01404
-----------------------------------------------------------------------------
95% CIs and p-values are based on large-sample approximations.

(file F:/Programas/GitHub Desktop/GPT-Impact-GitHub/output/figures/C_hashtagdidweights12.png written in PNG format)
(file F:/Programas/GitHub Desktop/GPT-Impact-GitHub/output/figures/C_hashtagdidtrends12.png written in PNG format)

    Variable |        Obs        Mean    Std. Dev.       Min        Max
-------------+---------------------------------------------------------
num_pusher~c |        187    3.466207    6.516462          0   29.20286

added scalar:
       e(control_mean) =  3.466207
Bootstrap replications (100). This may take some time.
----+--- 1 ---+--- 2 ---+--- 3 ---+--- 4 ---+--- 5
..................................................     50
..................................................     100


Synthetic Control

-----------------------------------------------------------------------------
num_pusher~c |     ATT     Std. Err.     t      P>|t|    [95% Conf. Interval]
-------------+---------------------------------------------------------------
gpt_availa~1 |   1.45892    2.08046     0.70    0.483    -2.61869     5.53654
-----------------------------------------------------------------------------
95% CIs and p-values are based on large-sample approximations.

(file F:/Programas/GitHub Desktop/GPT-Impact-GitHub/output/figures/C_hashtagscweights12.png written in PNG format)
(file F:/Programas/GitHub Desktop/GPT-Impact-GitHub/output/figures/C_hashtagsctrends12.png written in PNG format)

    Variable |        Obs        Mean    Std. Dev.       Min        Max
-------------+---------------------------------------------------------
num_pusher~c |        187    3.466207    6.516462          0   29.20286

added scalar:
       e(control_mean) =  3.466207
Bootstrap replications (100). This may take some time.
----+--- 1 ---+--- 2 ---+--- 3 ---+--- 4 ---+--- 5
..................................................     50
..................................................     100


Synthetic Difference-in-Differences Estimator

-----------------------------------------------------------------------------
num_pusher~c |     ATT     Std. Err.     t      P>|t|    [95% Conf. Interval]
-------------+---------------------------------------------------------------
gpt_availa~1 |   0.57575    0.69770     0.83    0.409    -0.79172     1.94322
-----------------------------------------------------------------------------
95% CIs and p-values are based on large-sample approximations.
Refer to Arkhangelsky et al., (2021) for theoretical derivations.
(file F:/Programas/GitHub Desktop/GPT-Impact-GitHub/output/figures/C_hashtagsdidweights12.png written in PNG format)
(file F:/Programas/GitHub Desktop/GPT-Impact-GitHub/output/figures/C_hashtagsdidtrends12.png written in PNG format)

    Variable |        Obs        Mean    Std. Dev.       Min        Max
-------------+---------------------------------------------------------
num_pusher~c |        187    3.466207    6.516462          0   29.20286

added scalar:
       e(control_mean) =  3.466207
Bootstrap replications (100). This may take some time.
----+--- 1 ---+--- 2 ---+--- 3 ---+--- 4 ---+--- 5
..................................................     50
..................................................     100


Difference-in-Differences Estimator

-----------------------------------------------------------------------------
num_pusher~c |     ATT     Std. Err.     t      P>|t|    [95% Conf. Interval]
-------------+---------------------------------------------------------------
gpt_availa~1 |   2.68060    0.67265     3.99    0.000     1.36223     3.99897
-----------------------------------------------------------------------------
95% CIs and p-values are based on large-sample approximations.

(file F:/Programas/GitHub Desktop/GPT-Impact-GitHub/output/figures/C_plusdidweights12.png written in PNG format)
(file F:/Programas/GitHub Desktop/GPT-Impact-GitHub/output/figures/C_plusdidtrends12.png written in PNG format)

    Variable |        Obs        Mean    Std. Dev.       Min        Max
-------------+---------------------------------------------------------
num_pusher~c |        198    2.684079     4.68772          0   22.14225

added scalar:
       e(control_mean) =  2.684079
Bootstrap replications (100). This may take some time.
----+--- 1 ---+--- 2 ---+--- 3 ---+--- 4 ---+--- 5
..................................................     50
..................................................     100


Synthetic Control

-----------------------------------------------------------------------------
num_pusher~c |     ATT     Std. Err.     t      P>|t|    [95% Conf. Interval]
-------------+---------------------------------------------------------------
gpt_availa~1 |   1.98266    1.69207     1.17    0.241    -1.33373     5.29905
-----------------------------------------------------------------------------
95% CIs and p-values are based on large-sample approximations.

(file F:/Programas/GitHub Desktop/GPT-Impact-GitHub/output/figures/C_plusscweights12.png written in PNG format)
(file F:/Programas/GitHub Desktop/GPT-Impact-GitHub/output/figures/C_plussctrends12.png written in PNG format)

    Variable |        Obs        Mean    Std. Dev.       Min        Max
-------------+---------------------------------------------------------
num_pusher~c |        198    2.684079     4.68772          0   22.14225

added scalar:
       e(control_mean) =  2.684079
Bootstrap replications (100). This may take some time.
----+--- 1 ---+--- 2 ---+--- 3 ---+--- 4 ---+--- 5
..................................................     50
..................................................     100


Synthetic Difference-in-Differences Estimator

-----------------------------------------------------------------------------
num_pusher~c |     ATT     Std. Err.     t      P>|t|    [95% Conf. Interval]
-------------+---------------------------------------------------------------
gpt_availa~1 |   1.46617    0.52112     2.81    0.005     0.44481     2.48754
-----------------------------------------------------------------------------
95% CIs and p-values are based on large-sample approximations.
Refer to Arkhangelsky et al., (2021) for theoretical derivations.
(file F:/Programas/GitHub Desktop/GPT-Impact-GitHub/output/figures/C_plussdidweights12.png written in PNG format)
(file F:/Programas/GitHub Desktop/GPT-Impact-GitHub/output/figures/C_plussdidtrends12.png written in PNG format)

    Variable |        Obs        Mean    Std. Dev.       Min        Max
-------------+---------------------------------------------------------
num_pusher~c |        198    2.684079     4.68772          0   22.14225

added scalar:
       e(control_mean) =  2.684079
Bootstrap replications (100). This may take some time.
----+--- 1 ---+--- 2 ---+--- 3 ---+--- 4 ---+--- 5
..................................................     50
..................................................     100


Difference-in-Differences Estimator

-----------------------------------------------------------------------------
num_pusher~c |     ATT     Std. Err.     t      P>|t|    [95% Conf. Interval]
-------------+---------------------------------------------------------------
gpt_availa~1 |   2.49012    0.52960     4.70    0.000     1.45212     3.52812
-----------------------------------------------------------------------------
95% CIs and p-values are based on large-sample approximations.

(file F:/Programas/GitHub Desktop/GPT-Impact-GitHub/output/figures/Godidweights12.png written in PNG format)
(file F:/Programas/GitHub Desktop/GPT-Impact-GitHub/output/figures/Godidtrends12.png written in PNG format)

    Variable |        Obs        Mean    Std. Dev.       Min        Max
-------------+---------------------------------------------------------
num_pusher~c |        121    1.234592    1.563576          0   5.583055

added scalar:
       e(control_mean) =  1.2345922
Bootstrap replications (100). This may take some time.
----+--- 1 ---+--- 2 ---+--- 3 ---+--- 4 ---+--- 5
..................................................     50
..................................................     100


Synthetic Control

-----------------------------------------------------------------------------
num_pusher~c |     ATT     Std. Err.     t      P>|t|    [95% Conf. Interval]
-------------+---------------------------------------------------------------
gpt_availa~1 |   3.30311    1.27108     2.60    0.009     0.81184     5.79438
-----------------------------------------------------------------------------
95% CIs and p-values are based on large-sample approximations.

(file F:/Programas/GitHub Desktop/GPT-Impact-GitHub/output/figures/Goscweights12.png written in PNG format)
(file F:/Programas/GitHub Desktop/GPT-Impact-GitHub/output/figures/Gosctrends12.png written in PNG format)

    Variable |        Obs        Mean    Std. Dev.       Min        Max
-------------+---------------------------------------------------------
num_pusher~c |        121    1.234592    1.563576          0   5.583055

added scalar:
       e(control_mean) =  1.2345922
Bootstrap replications (100). This may take some time.
----+--- 1 ---+--- 2 ---+--- 3 ---+--- 4 ---+--- 5
..................................................     50
..................................................     100


Synthetic Difference-in-Differences Estimator

-----------------------------------------------------------------------------
num_pusher~c |     ATT     Std. Err.     t      P>|t|    [95% Conf. Interval]
-------------+---------------------------------------------------------------
gpt_availa~1 |   1.41212    0.47956     2.94    0.003     0.47220     2.35205
-----------------------------------------------------------------------------
95% CIs and p-values are based on large-sample approximations.
Refer to Arkhangelsky et al., (2021) for theoretical derivations.
